// Jest Snapshot v1, https://goo.gl/fbAQLP

exports[`Describe <TagsList /> should render TagsList correctly 1`] = `
<View
  style={
    {
      "marginBottom": 12,
      "marginTop": 12,
    }
  }
  testID="TagsListTestID"
>
  <RCTScrollView
    contentContainerStyle={{}}
    data={
      [
        "All",
      ]
    }
    getItem={[Function]}
    getItemCount={[Function]}
    horizontal={true}
    keyExtractor={[Function]}
    onContentSizeChange={[Function]}
    onLayout={[Function]}
    onMomentumScrollBegin={[Function]}
    onMomentumScrollEnd={[Function]}
    onScroll={[Function]}
    onScrollBeginDrag={[Function]}
    onScrollEndDrag={[Function]}
    removeClippedSubviews={false}
    renderItem={[Function]}
    scrollEventThrottle={50}
    showsHorizontalScrollIndicator={false}
    stickyHeaderIndices={[]}
    viewabilityConfigCallbackPairs={[]}
  >
    <View>
      <View
        onFocusCapture={[Function]}
        onLayout={[Function]}
        style={
          [
            {
              "flexDirection": "row",
            },
            null,
          ]
        }
      >
        <View
          accessibilityState={
            {
              "busy": undefined,
              "checked": undefined,
              "disabled": undefined,
              "expanded": undefined,
              "selected": undefined,
            }
          }
          accessibilityValue={
            {
              "max": undefined,
              "min": undefined,
              "now": undefined,
              "text": undefined,
            }
          }
          accessible={true}
          collapsable={false}
          focusable={true}
          onBlur={[Function]}
          onClick={[Function]}
          onFocus={[Function]}
          onResponderGrant={[Function]}
          onResponderMove={[Function]}
          onResponderRelease={[Function]}
          onResponderTerminate={[Function]}
          onResponderTerminationRequest={[Function]}
          onStartShouldSetResponder={[Function]}
          style={
            [
              {
                "alignItems": "center",
                "backgroundColor": "#000",
                "borderColor": "#e5e7eb",
                "borderRadius": 20,
                "borderWidth": 1,
                "flexDirection": "row",
                "gap": 4,
                "justifyContent": "space-between",
                "marginRight": 8,
                "paddingBottom": 8,
                "paddingLeft": 16,
                "paddingRight": 16,
                "paddingTop": 8,
              },
              {
                "backgroundColor": "#000000",
              },
            ]
          }
        >
          <View
            style={
              {
                "overflow": "hidden",
              }
            }
            testID="RNE__ICON__CONTAINER"
          >
            <View
              accessibilityRole="button"
              android_ripple={
                {
                  "borderless": false,
                  "color": "rgba(0, 0, 0, 0.3)",
                  "radius": -5,
                }
              }
              disabled={false}
              testID="RNE__ICON__CONTAINER_ACTION"
            >
              <View
                style={
                  {
                    "alignItems": "center",
                    "backgroundColor": "transparent",
                    "justifyContent": "center",
                  }
                }
                testID="RNE__ICON"
              >
                <Text
                  allowFontScaling={false}
                  selectable={false}
                  style={
                    [
                      {
                        "color": "#ffffff",
                        "fontSize": 18,
                      },
                      {
                        "backgroundColor": "transparent",
                      },
                      {
                        "fontFamily": "Feather",
                        "fontStyle": "normal",
                        "fontWeight": "normal",
                      },
                      {},
                    ]
                  }
                  testID="RNE__ICON__Component"
                >
                  ï…¿
                </Text>
              </View>
            </View>
          </View>
          <Text
            style={
              [
                {
                  "color": "#ffffff",
                },
                {
                  "fontFamily": "Inter-Regular",
                  "fontSize": 18,
                  "fontWeight": "normal",
                  "textAlign": "left",
                  "textTransform": "none",
                },
              ]
            }
          >
            All
          </Text>
        </View>
      </View>
    </View>
  </RCTScrollView>
</View>
`;
