// Jest Snapshot v1, https://goo.gl/fbAQLP

exports[`<MenuBottomSheet /> should render MenuBottomSheet correctly 1`] = `null`;
